
> qiflowai@0.1.0 build
> next build

   Γû▓ Next.js 15.5.6
   - Environments: .env.local, .env.production, .env
   - Experiments (use with caution):
     Γ¿» webpackBuildWorker
     ┬╖ clientTraceMetadata
     ┬╖ optimizePackageImports

[MDX] updated map file in 283.33750000000146ms
   Creating an optimized production build ...
node.exe : [@sentry/nextjs] It appears you've configured a `sentry.server.config.ts` file. Pl
ease ensure to put this file's content into the `register()` function of a Next.js instrument
ation file instead. To ensure correct functionality of the SDK, `Sentry.init` must be called 
inside of an instrumentation file. Learn more about setting up an instrumentation file in Nex
t.js: https://nextjs.org/docs/app/building-your-application/optimizing/instrumentation. You c
an safely delete the `sentry.server.config.ts` file afterward.
At C:\Program Files\nodejs\npm.ps1:29 char:3
+   & $NODE_EXE $NPM_CLI_JS $args
+   ~~~~~~~~~~~~~~~~~~~~~~~~~~~~~
    + CategoryInfo          : NotSpecified: ([@sentry/nextjs...file afterward.:String) [], R 
   emoteException
    + FullyQualifiedErrorId : NativeCommandError
 
[@sentry/nextjs] Could not find a Next.js instrumentation file. This indicates an incomplete 
configuration of the Sentry SDK. An instrumentation file is required for the Sentry SDK to be
 initialized on the server: https://docs.sentry.io/platforms/javascript/guides/nextjs/manual-
setup/#create-initialization-config-files (you can suppress this warning by setting SENTRY_SU
PPRESS_INSTRUMENTATION_FILE_WARNING=1 as environment variable)
warn  - It seems like you don't have a global error handler set up. It is recommended that you add a global-error.js file with Sentry instrumentation so that React rendering errors are reported to Sentry. Read more: https://docs.sentry.io/platforms/javascript/guides/nextjs/manual-setup/#react-render-errors-in-app-router (you can suppress this warning by setting SENTRY_SUPPRESS_GLOBAL_ERROR_HANDLER_FILE_WARNING=1 as environment variable)
[@sentry/nextjs] DEPRECATION WARNING: It is recommended renaming your `sentry.client.config.t
s` file, or moving its content to `instrumentation-client.ts`. When using Turbopack `sentry.c
lient.config.ts` will no longer work. Read more about the `instrumentation-client.ts` file: h
ttps://nextjs.org/docs/app/api-reference/file-conventions/instrumentation-client
Failed to compile.

src\app\[locale]\(marketing)\(pages)\test\page.tsx
You cannot have two parallel pages that resolve to the same path. Please check /[locale]/(mar
keting)/(pages)/test/page and /[locale]/test/page. Refer to the route group docs for more inf
ormation: https://nextjs.org/docs/app/building-your-application/routing/route-groups

src\app\[locale]\test\page.tsx
You cannot have two parallel pages that resolve to the same path. Please check /[locale]/(mar
keting)/(pages)/test/page and /[locale]/test/page. Refer to the route group docs for more inf
ormation: https://nextjs.org/docs/app/building-your-application/routing/route-groups


> Build failed because of webpack errors
