// Jest Snapshot v1, https://jestjs.io/docs/snapshot-testing

exports[`authoritative snapshots (MVP scaffolding) { name: 'Beijing mid-sector', date: '2025-06-15T03:00:00Z', deg: 180 } 1`] = `
{
  "name": "Beijing mid-sector",
  "sorted": {
    "caiwei": "坎宫：相对强度较弱；坤宫：相对强度较弱；震宫：相对强度较弱；巽宫：相对强度较弱；中宫：相对强度较弱；乾宫：相对强度较弱；兑宫：相对强度较弱；艮宫：相对强度较弱；离宫：相对强度较弱",
    "evaluation": {
      "1": {
        "reasons": [
          "天盘九紫右弼星得令，主名声、中女、文化",
          "山星九紫右弼星得令，主名声、中女、文化",
          "向星九紫右弼星得令，主名声、中女、文化",
          "山向两星相同，主稳定",
          "此宫位整体评价为大吉",
        ],
        "score": 7.5,
        "tags": [
          "旺星",
          "山星旺",
          "向星旺",
          "山向同星",
          "大吉",
        ],
      },
      "2": {
        "reasons": [
          "天盘九紫右弼星得令，主名声、中女、文化",
          "山星九紫右弼星得令，主名声、中女、文化",
          "向星九紫右弼星得令，主名声、中女、文化",
          "山向两星相同，主稳定",
          "此宫位整体评价为大吉",
        ],
        "score": 7.5,
        "tags": [
          "旺星",
          "山星旺",
          "向星旺",
          "山向同星",
          "大吉",
        ],
      },
      "3": {
        "reasons": [
          "天盘九紫右弼星得令，主名声、中女、文化",
          "山星九紫右弼星得令，主名声、中女、文化",
          "向星九紫右弼星得令，主名声、中女、文化",
          "山向两星相同，主稳定",
          "此宫位整体评价为大吉",
        ],
        "score": 7.5,
        "tags": [
          "旺星",
          "山星旺",
          "向星旺",
          "山向同星",
          "大吉",
        ],
      },
      "4": {
        "reasons": [
          "天盘九紫右弼星得令，主名声、中女、文化",
          "山星九紫右弼星得令，主名声、中女、文化",
          "向星九紫右弼星得令，主名声、中女、文化",
          "山向两星相同，主稳定",
          "此宫位整体评价为大吉",
        ],
        "score": 7.5,
        "tags": [
          "旺星",
          "山星旺",
          "向星旺",
          "山向同星",
          "大吉",
        ],
      },
      "5": {
        "reasons": [
          "天盘九紫右弼星得令，主名声、中女、文化",
          "山星九紫右弼星得令，主名声、中女、文化",
          "向星九紫右弼星得令，主名声、中女、文化",
          "山向两星相同，主稳定",
          "此宫位整体评价为大吉",
        ],
        "score": 7.5,
        "tags": [
          "旺星",
          "山星旺",
          "向星旺",
          "山向同星",
          "大吉",
        ],
      },
      "6": {
        "reasons": [
          "天盘九紫右弼星得令，主名声、中女、文化",
          "山星九紫右弼星得令，主名声、中女、文化",
          "向星九紫右弼星得令，主名声、中女、文化",
          "山向两星相同，主稳定",
          "此宫位整体评价为大吉",
        ],
        "score": 7.5,
        "tags": [
          "旺星",
          "山星旺",
          "向星旺",
          "山向同星",
          "大吉",
        ],
      },
      "7": {
        "reasons": [
          "天盘九紫右弼星得令，主名声、中女、文化",
          "山星九紫右弼星得令，主名声、中女、文化",
          "向星九紫右弼星得令，主名声、中女、文化",
          "山向两星相同，主稳定",
          "此宫位整体评价为大吉",
        ],
        "score": 7.5,
        "tags": [
          "旺星",
          "山星旺",
          "向星旺",
          "山向同星",
          "大吉",
        ],
      },
      "8": {
        "reasons": [
          "天盘九紫右弼星得令，主名声、中女、文化",
          "山星九紫右弼星得令，主名声、中女、文化",
          "向星九紫右弼星得令，主名声、中女、文化",
          "山向两星相同，主稳定",
          "此宫位整体评价为大吉",
        ],
        "score": 7.5,
        "tags": [
          "旺星",
          "山星旺",
          "向星旺",
          "山向同星",
          "大吉",
        ],
      },
      "9": {
        "reasons": [
          "天盘九紫右弼星得令，主名声、中女、文化",
          "山星九紫右弼星得令，主名声、中女、文化",
          "向星九紫右弼星得令，主名声、中女、文化",
          "山向两星相同，主稳定",
          "此宫位整体评价为大吉",
        ],
        "score": 7.5,
        "tags": [
          "旺星",
          "山星旺",
          "向星旺",
          "山向同星",
          "大吉",
        ],
      },
    },
    "geju": {
      "descriptions": [
        "旺山旺水格局",
        "上山下水格局",
        "双星会向格局",
        "双星会坐格局",
        "伏吟格局：坎宫山星伏吟、坎宫向星伏吟、坤宫山星伏吟、坤宫向星伏吟、震宫山星伏吟、震宫向星伏吟、巽宫山星伏吟、巽宫向星伏吟、中宫山星伏吟、中宫向星伏吟、乾宫山星伏吟、乾宫向星伏吟、兑宫山星伏吟、兑宫向星伏吟、艮宫山星伏吟、艮宫向星伏吟、离宫山星伏吟、离宫向星伏吟",
      ],
      "isFavorable": false,
      "types": [
        "旺山旺水",
        "上山下水",
        "双星会向",
        "双星会坐",
        "单宫伏吟",
      ],
    },
    "meta": {
      "ambiguous": false,
      "rulesApplied": [
        "兼向",
      ],
    },
    "period": 9,
    "plates": {
      "day": [
        {
          "facingStar": 9,
          "mountainStar": 9,
          "palace": 1,
          "periodStar": 9,
        },
        {
          "facingStar": 9,
          "mountainStar": 9,
          "palace": 2,
          "periodStar": 9,
        },
        {
          "facingStar": 9,
          "mountainStar": 9,
          "palace": 3,
          "periodStar": 9,
        },
        {
          "facingStar": 9,
          "mountainStar": 9,
          "palace": 4,
          "periodStar": 9,
        },
        {
          "facingStar": 9,
          "mountainStar": 9,
          "palace": 5,
          "periodStar": 9,
        },
        {
          "facingStar": 9,
          "mountainStar": 9,
          "palace": 6,
          "periodStar": 9,
        },
        {
          "facingStar": 9,
          "mountainStar": 9,
          "palace": 7,
          "periodStar": 9,
        },
        {
          "facingStar": 9,
          "mountainStar": 9,
          "palace": 8,
          "periodStar": 9,
        },
        {
          "facingStar": 9,
          "mountainStar": 9,
          "palace": 9,
          "periodStar": 9,
        },
      ],
      "month": [
        {
          "facingStar": 9,
          "mountainStar": 9,
          "palace": 1,
          "periodStar": 9,
        },
        {
          "facingStar": 9,
          "mountainStar": 9,
          "palace": 2,
          "periodStar": 9,
        },
        {
          "facingStar": 9,
          "mountainStar": 9,
          "palace": 3,
          "periodStar": 9,
        },
        {
          "facingStar": 9,
          "mountainStar": 9,
          "palace": 4,
          "periodStar": 9,
        },
        {
          "facingStar": 9,
          "mountainStar": 9,
          "palace": 5,
          "periodStar": 9,
        },
        {
          "facingStar": 9,
          "mountainStar": 9,
          "palace": 6,
          "periodStar": 9,
        },
        {
          "facingStar": 9,
          "mountainStar": 9,
          "palace": 7,
          "periodStar": 9,
        },
        {
          "facingStar": 9,
          "mountainStar": 9,
          "palace": 8,
          "periodStar": 9,
        },
        {
          "facingStar": 9,
          "mountainStar": 9,
          "palace": 9,
          "periodStar": 9,
        },
      ],
      "period": [
        {
          "facingStar": 9,
          "mountainStar": 9,
          "palace": 1,
          "periodStar": 9,
        },
        {
          "facingStar": 9,
          "mountainStar": 9,
          "palace": 2,
          "periodStar": 9,
        },
        {
          "facingStar": 9,
          "mountainStar": 9,
          "palace": 3,
          "periodStar": 9,
        },
        {
          "facingStar": 9,
          "mountainStar": 9,
          "palace": 4,
          "periodStar": 9,
        },
        {
          "facingStar": 9,
          "mountainStar": 9,
          "palace": 5,
          "periodStar": 9,
        },
        {
          "facingStar": 9,
          "mountainStar": 9,
          "palace": 6,
          "periodStar": 9,
        },
        {
          "facingStar": 9,
          "mountainStar": 9,
          "palace": 7,
          "periodStar": 9,
        },
        {
          "facingStar": 9,
          "mountainStar": 9,
          "palace": 8,
          "periodStar": 9,
        },
        {
          "facingStar": 9,
          "mountainStar": 9,
          "palace": 9,
          "periodStar": 9,
        },
      ],
      "year": [
        {
          "facingStar": 9,
          "mountainStar": 9,
          "palace": 1,
          "periodStar": 9,
        },
        {
          "facingStar": 9,
          "mountainStar": 9,
          "palace": 2,
          "periodStar": 9,
        },
        {
          "facingStar": 9,
          "mountainStar": 9,
          "palace": 3,
          "periodStar": 9,
        },
        {
          "facingStar": 9,
          "mountainStar": 9,
          "palace": 4,
          "periodStar": 9,
        },
        {
          "facingStar": 9,
          "mountainStar": 9,
          "palace": 5,
          "periodStar": 9,
        },
        {
          "facingStar": 9,
          "mountainStar": 9,
          "palace": 6,
          "periodStar": 9,
        },
        {
          "facingStar": 9,
          "mountainStar": 9,
          "palace": 7,
          "periodStar": 9,
        },
        {
          "facingStar": 9,
          "mountainStar": 9,
          "palace": 8,
          "periodStar": 9,
        },
        {
          "facingStar": 9,
          "mountainStar": 9,
          "palace": 9,
          "periodStar": 9,
        },
      ],
    },
    "wenchangwei": "巽",
  },
}
`;

exports[`authoritative snapshots (MVP scaffolding) { name: 'London', date: '2025-04-08T06:00:00Z' } 1`] = `
{
  "name": "London",
  "sorted": {
    "caiwei": "坎宫：相对强度较弱；坤宫：相对强度较弱；震宫：相对强度较弱；巽宫：相对强度较弱；中宫：相对强度较弱；乾宫：相对强度较弱；兑宫：相对强度较弱；艮宫：相对强度较弱；离宫：相对强度较弱",
    "evaluation": {
      "1": {
        "reasons": [
          "天盘九紫右弼星得令，主名声、中女、文化",
          "山星九紫右弼星得令，主名声、中女、文化",
          "向星九紫右弼星得令，主名声、中女、文化",
          "山向两星相同，主稳定",
          "此宫位整体评价为大吉",
        ],
        "score": 7.5,
        "tags": [
          "旺星",
          "山星旺",
          "向星旺",
          "山向同星",
          "大吉",
        ],
      },
      "2": {
        "reasons": [
          "天盘九紫右弼星得令，主名声、中女、文化",
          "山星九紫右弼星得令，主名声、中女、文化",
          "向星九紫右弼星得令，主名声、中女、文化",
          "山向两星相同，主稳定",
          "此宫位整体评价为大吉",
        ],
        "score": 7.5,
        "tags": [
          "旺星",
          "山星旺",
          "向星旺",
          "山向同星",
          "大吉",
        ],
      },
      "3": {
        "reasons": [
          "天盘九紫右弼星得令，主名声、中女、文化",
          "山星九紫右弼星得令，主名声、中女、文化",
          "向星九紫右弼星得令，主名声、中女、文化",
          "山向两星相同，主稳定",
          "此宫位整体评价为大吉",
        ],
        "score": 7.5,
        "tags": [
          "旺星",
          "山星旺",
          "向星旺",
          "山向同星",
          "大吉",
        ],
      },
      "4": {
        "reasons": [
          "天盘九紫右弼星得令，主名声、中女、文化",
          "山星九紫右弼星得令，主名声、中女、文化",
          "向星九紫右弼星得令，主名声、中女、文化",
          "山向两星相同，主稳定",
          "此宫位整体评价为大吉",
        ],
        "score": 7.5,
        "tags": [
          "旺星",
          "山星旺",
          "向星旺",
          "山向同星",
          "大吉",
        ],
      },
      "5": {
        "reasons": [
          "天盘九紫右弼星得令，主名声、中女、文化",
          "山星九紫右弼星得令，主名声、中女、文化",
          "向星九紫右弼星得令，主名声、中女、文化",
          "山向两星相同，主稳定",
          "此宫位整体评价为大吉",
        ],
        "score": 7.5,
        "tags": [
          "旺星",
          "山星旺",
          "向星旺",
          "山向同星",
          "大吉",
        ],
      },
      "6": {
        "reasons": [
          "天盘九紫右弼星得令，主名声、中女、文化",
          "山星九紫右弼星得令，主名声、中女、文化",
          "向星九紫右弼星得令，主名声、中女、文化",
          "山向两星相同，主稳定",
          "此宫位整体评价为大吉",
        ],
        "score": 7.5,
        "tags": [
          "旺星",
          "山星旺",
          "向星旺",
          "山向同星",
          "大吉",
        ],
      },
      "7": {
        "reasons": [
          "天盘九紫右弼星得令，主名声、中女、文化",
          "山星九紫右弼星得令，主名声、中女、文化",
          "向星九紫右弼星得令，主名声、中女、文化",
          "山向两星相同，主稳定",
          "此宫位整体评价为大吉",
        ],
        "score": 7.5,
        "tags": [
          "旺星",
          "山星旺",
          "向星旺",
          "山向同星",
          "大吉",
        ],
      },
      "8": {
        "reasons": [
          "天盘九紫右弼星得令，主名声、中女、文化",
          "山星九紫右弼星得令，主名声、中女、文化",
          "向星九紫右弼星得令，主名声、中女、文化",
          "山向两星相同，主稳定",
          "此宫位整体评价为大吉",
        ],
        "score": 7.5,
        "tags": [
          "旺星",
          "山星旺",
          "向星旺",
          "山向同星",
          "大吉",
        ],
      },
      "9": {
        "reasons": [
          "天盘九紫右弼星得令，主名声、中女、文化",
          "山星九紫右弼星得令，主名声、中女、文化",
          "向星九紫右弼星得令，主名声、中女、文化",
          "山向两星相同，主稳定",
          "此宫位整体评价为大吉",
        ],
        "score": 7.5,
        "tags": [
          "旺星",
          "山星旺",
          "向星旺",
          "山向同星",
          "大吉",
        ],
      },
    },
    "geju": {
      "descriptions": [
        "旺山旺水格局",
        "上山下水格局",
        "双星会向格局",
        "双星会坐格局",
        "伏吟格局：坎宫山星伏吟、坎宫向星伏吟、坤宫山星伏吟、坤宫向星伏吟、震宫山星伏吟、震宫向星伏吟、巽宫山星伏吟、巽宫向星伏吟、中宫山星伏吟、中宫向星伏吟、乾宫山星伏吟、乾宫向星伏吟、兑宫山星伏吟、兑宫向星伏吟、艮宫山星伏吟、艮宫向星伏吟、离宫山星伏吟、离宫向星伏吟",
      ],
      "isFavorable": false,
      "types": [
        "旺山旺水",
        "上山下水",
        "双星会向",
        "双星会坐",
        "单宫伏吟",
      ],
    },
    "meta": {
      "ambiguous": false,
      "rulesApplied": [
        "兼向",
      ],
    },
    "period": 9,
    "plates": {
      "day": [
        {
          "facingStar": 9,
          "mountainStar": 9,
          "palace": 1,
          "periodStar": 9,
        },
        {
          "facingStar": 9,
          "mountainStar": 9,
          "palace": 2,
          "periodStar": 9,
        },
        {
          "facingStar": 9,
          "mountainStar": 9,
          "palace": 3,
          "periodStar": 9,
        },
        {
          "facingStar": 9,
          "mountainStar": 9,
          "palace": 4,
          "periodStar": 9,
        },
        {
          "facingStar": 9,
          "mountainStar": 9,
          "palace": 5,
          "periodStar": 9,
        },
        {
          "facingStar": 9,
          "mountainStar": 9,
          "palace": 6,
          "periodStar": 9,
        },
        {
          "facingStar": 9,
          "mountainStar": 9,
          "palace": 7,
          "periodStar": 9,
        },
        {
          "facingStar": 9,
          "mountainStar": 9,
          "palace": 8,
          "periodStar": 9,
        },
        {
          "facingStar": 9,
          "mountainStar": 9,
          "palace": 9,
          "periodStar": 9,
        },
      ],
      "month": [
        {
          "facingStar": 9,
          "mountainStar": 9,
          "palace": 1,
          "periodStar": 9,
        },
        {
          "facingStar": 9,
          "mountainStar": 9,
          "palace": 2,
          "periodStar": 9,
        },
        {
          "facingStar": 9,
          "mountainStar": 9,
          "palace": 3,
          "periodStar": 9,
        },
        {
          "facingStar": 9,
          "mountainStar": 9,
          "palace": 4,
          "periodStar": 9,
        },
        {
          "facingStar": 9,
          "mountainStar": 9,
          "palace": 5,
          "periodStar": 9,
        },
        {
          "facingStar": 9,
          "mountainStar": 9,
          "palace": 6,
          "periodStar": 9,
        },
        {
          "facingStar": 9,
          "mountainStar": 9,
          "palace": 7,
          "periodStar": 9,
        },
        {
          "facingStar": 9,
          "mountainStar": 9,
          "palace": 8,
          "periodStar": 9,
        },
        {
          "facingStar": 9,
          "mountainStar": 9,
          "palace": 9,
          "periodStar": 9,
        },
      ],
      "period": [
        {
          "facingStar": 9,
          "mountainStar": 9,
          "palace": 1,
          "periodStar": 9,
        },
        {
          "facingStar": 9,
          "mountainStar": 9,
          "palace": 2,
          "periodStar": 9,
        },
        {
          "facingStar": 9,
          "mountainStar": 9,
          "palace": 3,
          "periodStar": 9,
        },
        {
          "facingStar": 9,
          "mountainStar": 9,
          "palace": 4,
          "periodStar": 9,
        },
        {
          "facingStar": 9,
          "mountainStar": 9,
          "palace": 5,
          "periodStar": 9,
        },
        {
          "facingStar": 9,
          "mountainStar": 9,
          "palace": 6,
          "periodStar": 9,
        },
        {
          "facingStar": 9,
          "mountainStar": 9,
          "palace": 7,
          "periodStar": 9,
        },
        {
          "facingStar": 9,
          "mountainStar": 9,
          "palace": 8,
          "periodStar": 9,
        },
        {
          "facingStar": 9,
          "mountainStar": 9,
          "palace": 9,
          "periodStar": 9,
        },
      ],
      "year": [
        {
          "facingStar": 9,
          "mountainStar": 9,
          "palace": 1,
          "periodStar": 9,
        },
        {
          "facingStar": 9,
          "mountainStar": 9,
          "palace": 2,
          "periodStar": 9,
        },
        {
          "facingStar": 9,
          "mountainStar": 9,
          "palace": 3,
          "periodStar": 9,
        },
        {
          "facingStar": 9,
          "mountainStar": 9,
          "palace": 4,
          "periodStar": 9,
        },
        {
          "facingStar": 9,
          "mountainStar": 9,
          "palace": 5,
          "periodStar": 9,
        },
        {
          "facingStar": 9,
          "mountainStar": 9,
          "palace": 6,
          "periodStar": 9,
        },
        {
          "facingStar": 9,
          "mountainStar": 9,
          "palace": 7,
          "periodStar": 9,
        },
        {
          "facingStar": 9,
          "mountainStar": 9,
          "palace": 8,
          "periodStar": 9,
        },
        {
          "facingStar": 9,
          "mountainStar": 9,
          "palace": 9,
          "periodStar": 9,
        },
      ],
    },
    "wenchangwei": "巽",
  },
}
`;

exports[`authoritative snapshots (MVP scaffolding) { name: 'New York', date: '2025-01-20T18:00:00Z', deg: 310 } 1`] = `
{
  "name": "New York",
  "sorted": {
    "caiwei": "坎宫：相对强度较弱；坤宫：相对强度较弱；震宫：相对强度较弱；巽宫：相对强度较弱；中宫：相对强度较弱；乾宫：相对强度较弱；兑宫：相对强度较弱；艮宫：相对强度较弱；离宫：相对强度较弱",
    "evaluation": {
      "1": {
        "reasons": [
          "天盘九紫右弼星得令，主名声、中女、文化",
          "山星九紫右弼星得令，主名声、中女、文化",
          "向星九紫右弼星得令，主名声、中女、文化",
          "山向两星相同，主稳定",
          "此宫位整体评价为大吉",
        ],
        "score": 7.5,
        "tags": [
          "旺星",
          "山星旺",
          "向星旺",
          "山向同星",
          "大吉",
        ],
      },
      "2": {
        "reasons": [
          "天盘九紫右弼星得令，主名声、中女、文化",
          "山星九紫右弼星得令，主名声、中女、文化",
          "向星九紫右弼星得令，主名声、中女、文化",
          "山向两星相同，主稳定",
          "此宫位整体评价为大吉",
        ],
        "score": 7.5,
        "tags": [
          "旺星",
          "山星旺",
          "向星旺",
          "山向同星",
          "大吉",
        ],
      },
      "3": {
        "reasons": [
          "天盘九紫右弼星得令，主名声、中女、文化",
          "山星九紫右弼星得令，主名声、中女、文化",
          "向星九紫右弼星得令，主名声、中女、文化",
          "山向两星相同，主稳定",
          "此宫位整体评价为大吉",
        ],
        "score": 7.5,
        "tags": [
          "旺星",
          "山星旺",
          "向星旺",
          "山向同星",
          "大吉",
        ],
      },
      "4": {
        "reasons": [
          "天盘九紫右弼星得令，主名声、中女、文化",
          "山星九紫右弼星得令，主名声、中女、文化",
          "向星九紫右弼星得令，主名声、中女、文化",
          "山向两星相同，主稳定",
          "此宫位整体评价为大吉",
        ],
        "score": 7.5,
        "tags": [
          "旺星",
          "山星旺",
          "向星旺",
          "山向同星",
          "大吉",
        ],
      },
      "5": {
        "reasons": [
          "天盘九紫右弼星得令，主名声、中女、文化",
          "山星九紫右弼星得令，主名声、中女、文化",
          "向星九紫右弼星得令，主名声、中女、文化",
          "山向两星相同，主稳定",
          "此宫位整体评价为大吉",
        ],
        "score": 7.5,
        "tags": [
          "旺星",
          "山星旺",
          "向星旺",
          "山向同星",
          "大吉",
        ],
      },
      "6": {
        "reasons": [
          "天盘九紫右弼星得令，主名声、中女、文化",
          "山星九紫右弼星得令，主名声、中女、文化",
          "向星九紫右弼星得令，主名声、中女、文化",
          "山向两星相同，主稳定",
          "此宫位整体评价为大吉",
        ],
        "score": 7.5,
        "tags": [
          "旺星",
          "山星旺",
          "向星旺",
          "山向同星",
          "大吉",
        ],
      },
      "7": {
        "reasons": [
          "天盘九紫右弼星得令，主名声、中女、文化",
          "山星九紫右弼星得令，主名声、中女、文化",
          "向星九紫右弼星得令，主名声、中女、文化",
          "山向两星相同，主稳定",
          "此宫位整体评价为大吉",
        ],
        "score": 7.5,
        "tags": [
          "旺星",
          "山星旺",
          "向星旺",
          "山向同星",
          "大吉",
        ],
      },
      "8": {
        "reasons": [
          "天盘九紫右弼星得令，主名声、中女、文化",
          "山星九紫右弼星得令，主名声、中女、文化",
          "向星九紫右弼星得令，主名声、中女、文化",
          "山向两星相同，主稳定",
          "此宫位整体评价为大吉",
        ],
        "score": 7.5,
        "tags": [
          "旺星",
          "山星旺",
          "向星旺",
          "山向同星",
          "大吉",
        ],
      },
      "9": {
        "reasons": [
          "天盘九紫右弼星得令，主名声、中女、文化",
          "山星九紫右弼星得令，主名声、中女、文化",
          "向星九紫右弼星得令，主名声、中女、文化",
          "山向两星相同，主稳定",
          "此宫位整体评价为大吉",
        ],
        "score": 7.5,
        "tags": [
          "旺星",
          "山星旺",
          "向星旺",
          "山向同星",
          "大吉",
        ],
      },
    },
    "geju": {
      "descriptions": [
        "旺山旺水格局",
        "上山下水格局",
        "双星会向格局",
        "双星会坐格局",
        "伏吟格局：坎宫山星伏吟、坎宫向星伏吟、坤宫山星伏吟、坤宫向星伏吟、震宫山星伏吟、震宫向星伏吟、巽宫山星伏吟、巽宫向星伏吟、中宫山星伏吟、中宫向星伏吟、乾宫山星伏吟、乾宫向星伏吟、兑宫山星伏吟、兑宫向星伏吟、艮宫山星伏吟、艮宫向星伏吟、离宫山星伏吟、离宫向星伏吟",
      ],
      "isFavorable": false,
      "types": [
        "旺山旺水",
        "上山下水",
        "双星会向",
        "双星会坐",
        "单宫伏吟",
      ],
    },
    "meta": {
      "ambiguous": false,
      "rulesApplied": [
        "兼向",
      ],
    },
    "period": 9,
    "plates": {
      "day": [
        {
          "facingStar": 9,
          "mountainStar": 9,
          "palace": 1,
          "periodStar": 9,
        },
        {
          "facingStar": 9,
          "mountainStar": 9,
          "palace": 2,
          "periodStar": 9,
        },
        {
          "facingStar": 9,
          "mountainStar": 9,
          "palace": 3,
          "periodStar": 9,
        },
        {
          "facingStar": 9,
          "mountainStar": 9,
          "palace": 4,
          "periodStar": 9,
        },
        {
          "facingStar": 9,
          "mountainStar": 9,
          "palace": 5,
          "periodStar": 9,
        },
        {
          "facingStar": 9,
          "mountainStar": 9,
          "palace": 6,
          "periodStar": 9,
        },
        {
          "facingStar": 9,
          "mountainStar": 9,
          "palace": 7,
          "periodStar": 9,
        },
        {
          "facingStar": 9,
          "mountainStar": 9,
          "palace": 8,
          "periodStar": 9,
        },
        {
          "facingStar": 9,
          "mountainStar": 9,
          "palace": 9,
          "periodStar": 9,
        },
      ],
      "month": [
        {
          "facingStar": 9,
          "mountainStar": 9,
          "palace": 1,
          "periodStar": 9,
        },
        {
          "facingStar": 9,
          "mountainStar": 9,
          "palace": 2,
          "periodStar": 9,
        },
        {
          "facingStar": 9,
          "mountainStar": 9,
          "palace": 3,
          "periodStar": 9,
        },
        {
          "facingStar": 9,
          "mountainStar": 9,
          "palace": 4,
          "periodStar": 9,
        },
        {
          "facingStar": 9,
          "mountainStar": 9,
          "palace": 5,
          "periodStar": 9,
        },
        {
          "facingStar": 9,
          "mountainStar": 9,
          "palace": 6,
          "periodStar": 9,
        },
        {
          "facingStar": 9,
          "mountainStar": 9,
          "palace": 7,
          "periodStar": 9,
        },
        {
          "facingStar": 9,
          "mountainStar": 9,
          "palace": 8,
          "periodStar": 9,
        },
        {
          "facingStar": 9,
          "mountainStar": 9,
          "palace": 9,
          "periodStar": 9,
        },
      ],
      "period": [
        {
          "facingStar": 9,
          "mountainStar": 9,
          "palace": 1,
          "periodStar": 9,
        },
        {
          "facingStar": 9,
          "mountainStar": 9,
          "palace": 2,
          "periodStar": 9,
        },
        {
          "facingStar": 9,
          "mountainStar": 9,
          "palace": 3,
          "periodStar": 9,
        },
        {
          "facingStar": 9,
          "mountainStar": 9,
          "palace": 4,
          "periodStar": 9,
        },
        {
          "facingStar": 9,
          "mountainStar": 9,
          "palace": 5,
          "periodStar": 9,
        },
        {
          "facingStar": 9,
          "mountainStar": 9,
          "palace": 6,
          "periodStar": 9,
        },
        {
          "facingStar": 9,
          "mountainStar": 9,
          "palace": 7,
          "periodStar": 9,
        },
        {
          "facingStar": 9,
          "mountainStar": 9,
          "palace": 8,
          "periodStar": 9,
        },
        {
          "facingStar": 9,
          "mountainStar": 9,
          "palace": 9,
          "periodStar": 9,
        },
      ],
      "year": [
        {
          "facingStar": 9,
          "mountainStar": 9,
          "palace": 1,
          "periodStar": 9,
        },
        {
          "facingStar": 9,
          "mountainStar": 9,
          "palace": 2,
          "periodStar": 9,
        },
        {
          "facingStar": 9,
          "mountainStar": 9,
          "palace": 3,
          "periodStar": 9,
        },
        {
          "facingStar": 9,
          "mountainStar": 9,
          "palace": 4,
          "periodStar": 9,
        },
        {
          "facingStar": 9,
          "mountainStar": 9,
          "palace": 5,
          "periodStar": 9,
        },
        {
          "facingStar": 9,
          "mountainStar": 9,
          "palace": 6,
          "periodStar": 9,
        },
        {
          "facingStar": 9,
          "mountainStar": 9,
          "palace": 7,
          "periodStar": 9,
        },
        {
          "facingStar": 9,
          "mountainStar": 9,
          "palace": 8,
          "periodStar": 9,
        },
        {
          "facingStar": 9,
          "mountainStar": 9,
          "palace": 9,
          "periodStar": 9,
        },
      ],
    },
    "wenchangwei": "巽",
  },
}
`;

exports[`authoritative snapshots (MVP scaffolding) { name: 'Sydney', date: '2025-11-30T22:00:00Z', deg: 135 } 1`] = `
{
  "name": "Sydney",
  "sorted": {
    "caiwei": "坎宫：相对强度较弱；坤宫：相对强度较弱；震宫：相对强度较弱；巽宫：相对强度较弱；中宫：相对强度较弱；乾宫：相对强度较弱；兑宫：相对强度较弱；艮宫：相对强度较弱；离宫：相对强度较弱",
    "evaluation": {
      "1": {
        "reasons": [
          "天盘九紫右弼星得令，主名声、中女、文化",
          "山星九紫右弼星得令，主名声、中女、文化",
          "向星九紫右弼星得令，主名声、中女、文化",
          "山向两星相同，主稳定",
          "此宫位整体评价为大吉",
        ],
        "score": 7.5,
        "tags": [
          "旺星",
          "山星旺",
          "向星旺",
          "山向同星",
          "大吉",
        ],
      },
      "2": {
        "reasons": [
          "天盘九紫右弼星得令，主名声、中女、文化",
          "山星九紫右弼星得令，主名声、中女、文化",
          "向星九紫右弼星得令，主名声、中女、文化",
          "山向两星相同，主稳定",
          "此宫位整体评价为大吉",
        ],
        "score": 7.5,
        "tags": [
          "旺星",
          "山星旺",
          "向星旺",
          "山向同星",
          "大吉",
        ],
      },
      "3": {
        "reasons": [
          "天盘九紫右弼星得令，主名声、中女、文化",
          "山星九紫右弼星得令，主名声、中女、文化",
          "向星九紫右弼星得令，主名声、中女、文化",
          "山向两星相同，主稳定",
          "此宫位整体评价为大吉",
        ],
        "score": 7.5,
        "tags": [
          "旺星",
          "山星旺",
          "向星旺",
          "山向同星",
          "大吉",
        ],
      },
      "4": {
        "reasons": [
          "天盘九紫右弼星得令，主名声、中女、文化",
          "山星九紫右弼星得令，主名声、中女、文化",
          "向星九紫右弼星得令，主名声、中女、文化",
          "山向两星相同，主稳定",
          "此宫位整体评价为大吉",
        ],
        "score": 7.5,
        "tags": [
          "旺星",
          "山星旺",
          "向星旺",
          "山向同星",
          "大吉",
        ],
      },
      "5": {
        "reasons": [
          "天盘九紫右弼星得令，主名声、中女、文化",
          "山星九紫右弼星得令，主名声、中女、文化",
          "向星九紫右弼星得令，主名声、中女、文化",
          "山向两星相同，主稳定",
          "此宫位整体评价为大吉",
        ],
        "score": 7.5,
        "tags": [
          "旺星",
          "山星旺",
          "向星旺",
          "山向同星",
          "大吉",
        ],
      },
      "6": {
        "reasons": [
          "天盘九紫右弼星得令，主名声、中女、文化",
          "山星九紫右弼星得令，主名声、中女、文化",
          "向星九紫右弼星得令，主名声、中女、文化",
          "山向两星相同，主稳定",
          "此宫位整体评价为大吉",
        ],
        "score": 7.5,
        "tags": [
          "旺星",
          "山星旺",
          "向星旺",
          "山向同星",
          "大吉",
        ],
      },
      "7": {
        "reasons": [
          "天盘九紫右弼星得令，主名声、中女、文化",
          "山星九紫右弼星得令，主名声、中女、文化",
          "向星九紫右弼星得令，主名声、中女、文化",
          "山向两星相同，主稳定",
          "此宫位整体评价为大吉",
        ],
        "score": 7.5,
        "tags": [
          "旺星",
          "山星旺",
          "向星旺",
          "山向同星",
          "大吉",
        ],
      },
      "8": {
        "reasons": [
          "天盘九紫右弼星得令，主名声、中女、文化",
          "山星九紫右弼星得令，主名声、中女、文化",
          "向星九紫右弼星得令，主名声、中女、文化",
          "山向两星相同，主稳定",
          "此宫位整体评价为大吉",
        ],
        "score": 7.5,
        "tags": [
          "旺星",
          "山星旺",
          "向星旺",
          "山向同星",
          "大吉",
        ],
      },
      "9": {
        "reasons": [
          "天盘九紫右弼星得令，主名声、中女、文化",
          "山星九紫右弼星得令，主名声、中女、文化",
          "向星九紫右弼星得令，主名声、中女、文化",
          "山向两星相同，主稳定",
          "此宫位整体评价为大吉",
        ],
        "score": 7.5,
        "tags": [
          "旺星",
          "山星旺",
          "向星旺",
          "山向同星",
          "大吉",
        ],
      },
    },
    "geju": {
      "descriptions": [
        "旺山旺水格局",
        "上山下水格局",
        "双星会向格局",
        "双星会坐格局",
        "伏吟格局：坎宫山星伏吟、坎宫向星伏吟、坤宫山星伏吟、坤宫向星伏吟、震宫山星伏吟、震宫向星伏吟、巽宫山星伏吟、巽宫向星伏吟、中宫山星伏吟、中宫向星伏吟、乾宫山星伏吟、乾宫向星伏吟、兑宫山星伏吟、兑宫向星伏吟、艮宫山星伏吟、艮宫向星伏吟、离宫山星伏吟、离宫向星伏吟",
      ],
      "isFavorable": false,
      "types": [
        "旺山旺水",
        "上山下水",
        "双星会向",
        "双星会坐",
        "单宫伏吟",
      ],
    },
    "meta": {
      "ambiguous": false,
      "rulesApplied": [
        "兼向",
      ],
    },
    "period": 9,
    "plates": {
      "day": [
        {
          "facingStar": 9,
          "mountainStar": 9,
          "palace": 1,
          "periodStar": 9,
        },
        {
          "facingStar": 9,
          "mountainStar": 9,
          "palace": 2,
          "periodStar": 9,
        },
        {
          "facingStar": 9,
          "mountainStar": 9,
          "palace": 3,
          "periodStar": 9,
        },
        {
          "facingStar": 9,
          "mountainStar": 9,
          "palace": 4,
          "periodStar": 9,
        },
        {
          "facingStar": 9,
          "mountainStar": 9,
          "palace": 5,
          "periodStar": 9,
        },
        {
          "facingStar": 9,
          "mountainStar": 9,
          "palace": 6,
          "periodStar": 9,
        },
        {
          "facingStar": 9,
          "mountainStar": 9,
          "palace": 7,
          "periodStar": 9,
        },
        {
          "facingStar": 9,
          "mountainStar": 9,
          "palace": 8,
          "periodStar": 9,
        },
        {
          "facingStar": 9,
          "mountainStar": 9,
          "palace": 9,
          "periodStar": 9,
        },
      ],
      "month": [
        {
          "facingStar": 9,
          "mountainStar": 9,
          "palace": 1,
          "periodStar": 9,
        },
        {
          "facingStar": 9,
          "mountainStar": 9,
          "palace": 2,
          "periodStar": 9,
        },
        {
          "facingStar": 9,
          "mountainStar": 9,
          "palace": 3,
          "periodStar": 9,
        },
        {
          "facingStar": 9,
          "mountainStar": 9,
          "palace": 4,
          "periodStar": 9,
        },
        {
          "facingStar": 9,
          "mountainStar": 9,
          "palace": 5,
          "periodStar": 9,
        },
        {
          "facingStar": 9,
          "mountainStar": 9,
          "palace": 6,
          "periodStar": 9,
        },
        {
          "facingStar": 9,
          "mountainStar": 9,
          "palace": 7,
          "periodStar": 9,
        },
        {
          "facingStar": 9,
          "mountainStar": 9,
          "palace": 8,
          "periodStar": 9,
        },
        {
          "facingStar": 9,
          "mountainStar": 9,
          "palace": 9,
          "periodStar": 9,
        },
      ],
      "period": [
        {
          "facingStar": 9,
          "mountainStar": 9,
          "palace": 1,
          "periodStar": 9,
        },
        {
          "facingStar": 9,
          "mountainStar": 9,
          "palace": 2,
          "periodStar": 9,
        },
        {
          "facingStar": 9,
          "mountainStar": 9,
          "palace": 3,
          "periodStar": 9,
        },
        {
          "facingStar": 9,
          "mountainStar": 9,
          "palace": 4,
          "periodStar": 9,
        },
        {
          "facingStar": 9,
          "mountainStar": 9,
          "palace": 5,
          "periodStar": 9,
        },
        {
          "facingStar": 9,
          "mountainStar": 9,
          "palace": 6,
          "periodStar": 9,
        },
        {
          "facingStar": 9,
          "mountainStar": 9,
          "palace": 7,
          "periodStar": 9,
        },
        {
          "facingStar": 9,
          "mountainStar": 9,
          "palace": 8,
          "periodStar": 9,
        },
        {
          "facingStar": 9,
          "mountainStar": 9,
          "palace": 9,
          "periodStar": 9,
        },
      ],
      "year": [
        {
          "facingStar": 9,
          "mountainStar": 9,
          "palace": 1,
          "periodStar": 9,
        },
        {
          "facingStar": 9,
          "mountainStar": 9,
          "palace": 2,
          "periodStar": 9,
        },
        {
          "facingStar": 9,
          "mountainStar": 9,
          "palace": 3,
          "periodStar": 9,
        },
        {
          "facingStar": 9,
          "mountainStar": 9,
          "palace": 4,
          "periodStar": 9,
        },
        {
          "facingStar": 9,
          "mountainStar": 9,
          "palace": 5,
          "periodStar": 9,
        },
        {
          "facingStar": 9,
          "mountainStar": 9,
          "palace": 6,
          "periodStar": 9,
        },
        {
          "facingStar": 9,
          "mountainStar": 9,
          "palace": 7,
          "periodStar": 9,
        },
        {
          "facingStar": 9,
          "mountainStar": 9,
          "palace": 8,
          "periodStar": 9,
        },
        {
          "facingStar": 9,
          "mountainStar": 9,
          "palace": 9,
          "periodStar": 9,
        },
      ],
    },
    "wenchangwei": "巽",
  },
}
`;

exports[`authoritative snapshots (MVP scaffolding) {\\n  name: 'Guangzhou boundary +0.4°',\\n  date: '2025-09-01T12:00:00Z',\\n  deg: 52.4\\n} 1`] = `
{
  "name": "Guangzhou boundary +0.4°",
  "sorted": {
    "caiwei": "坎宫：相对强度较弱；坤宫：相对强度较弱；震宫：相对强度较弱；巽宫：相对强度较弱；中宫：相对强度较弱；乾宫：相对强度较弱；兑宫：相对强度较弱；艮宫：相对强度较弱；离宫：相对强度较弱",
    "evaluation": {
      "1": {
        "reasons": [
          "天盘九紫右弼星得令，主名声、中女、文化",
          "山星九紫右弼星得令，主名声、中女、文化",
          "向星九紫右弼星得令，主名声、中女、文化",
          "山向两星相同，主稳定",
          "此宫位整体评价为大吉",
        ],
        "score": 7.5,
        "tags": [
          "旺星",
          "山星旺",
          "向星旺",
          "山向同星",
          "大吉",
        ],
      },
      "2": {
        "reasons": [
          "天盘九紫右弼星得令，主名声、中女、文化",
          "山星九紫右弼星得令，主名声、中女、文化",
          "向星九紫右弼星得令，主名声、中女、文化",
          "山向两星相同，主稳定",
          "此宫位整体评价为大吉",
        ],
        "score": 7.5,
        "tags": [
          "旺星",
          "山星旺",
          "向星旺",
          "山向同星",
          "大吉",
        ],
      },
      "3": {
        "reasons": [
          "天盘九紫右弼星得令，主名声、中女、文化",
          "山星九紫右弼星得令，主名声、中女、文化",
          "向星九紫右弼星得令，主名声、中女、文化",
          "山向两星相同，主稳定",
          "此宫位整体评价为大吉",
        ],
        "score": 7.5,
        "tags": [
          "旺星",
          "山星旺",
          "向星旺",
          "山向同星",
          "大吉",
        ],
      },
      "4": {
        "reasons": [
          "天盘九紫右弼星得令，主名声、中女、文化",
          "山星九紫右弼星得令，主名声、中女、文化",
          "向星九紫右弼星得令，主名声、中女、文化",
          "山向两星相同，主稳定",
          "此宫位整体评价为大吉",
        ],
        "score": 7.5,
        "tags": [
          "旺星",
          "山星旺",
          "向星旺",
          "山向同星",
          "大吉",
        ],
      },
      "5": {
        "reasons": [
          "天盘九紫右弼星得令，主名声、中女、文化",
          "山星九紫右弼星得令，主名声、中女、文化",
          "向星九紫右弼星得令，主名声、中女、文化",
          "山向两星相同，主稳定",
          "此宫位整体评价为大吉",
        ],
        "score": 7.5,
        "tags": [
          "旺星",
          "山星旺",
          "向星旺",
          "山向同星",
          "大吉",
        ],
      },
      "6": {
        "reasons": [
          "天盘九紫右弼星得令，主名声、中女、文化",
          "山星九紫右弼星得令，主名声、中女、文化",
          "向星九紫右弼星得令，主名声、中女、文化",
          "山向两星相同，主稳定",
          "此宫位整体评价为大吉",
        ],
        "score": 7.5,
        "tags": [
          "旺星",
          "山星旺",
          "向星旺",
          "山向同星",
          "大吉",
        ],
      },
      "7": {
        "reasons": [
          "天盘九紫右弼星得令，主名声、中女、文化",
          "山星九紫右弼星得令，主名声、中女、文化",
          "向星九紫右弼星得令，主名声、中女、文化",
          "山向两星相同，主稳定",
          "此宫位整体评价为大吉",
        ],
        "score": 7.5,
        "tags": [
          "旺星",
          "山星旺",
          "向星旺",
          "山向同星",
          "大吉",
        ],
      },
      "8": {
        "reasons": [
          "天盘九紫右弼星得令，主名声、中女、文化",
          "山星九紫右弼星得令，主名声、中女、文化",
          "向星九紫右弼星得令，主名声、中女、文化",
          "山向两星相同，主稳定",
          "此宫位整体评价为大吉",
        ],
        "score": 7.5,
        "tags": [
          "旺星",
          "山星旺",
          "向星旺",
          "山向同星",
          "大吉",
        ],
      },
      "9": {
        "reasons": [
          "天盘九紫右弼星得令，主名声、中女、文化",
          "山星九紫右弼星得令，主名声、中女、文化",
          "向星九紫右弼星得令，主名声、中女、文化",
          "山向两星相同，主稳定",
          "此宫位整体评价为大吉",
        ],
        "score": 7.5,
        "tags": [
          "旺星",
          "山星旺",
          "向星旺",
          "山向同星",
          "大吉",
        ],
      },
    },
    "geju": {
      "descriptions": [
        "旺山旺水格局",
        "上山下水格局",
        "双星会向格局",
        "双星会坐格局",
        "伏吟格局：坎宫山星伏吟、坎宫向星伏吟、坤宫山星伏吟、坤宫向星伏吟、震宫山星伏吟、震宫向星伏吟、巽宫山星伏吟、巽宫向星伏吟、中宫山星伏吟、中宫向星伏吟、乾宫山星伏吟、乾宫向星伏吟、兑宫山星伏吟、兑宫向星伏吟、艮宫山星伏吟、艮宫向星伏吟、离宫山星伏吟、离宫向星伏吟",
      ],
      "isFavorable": false,
      "types": [
        "旺山旺水",
        "上山下水",
        "双星会向",
        "双星会坐",
        "单宫伏吟",
      ],
    },
    "meta": {
      "ambiguous": false,
      "rulesApplied": [
        "兼向",
      ],
    },
    "period": 9,
    "plates": {
      "day": [
        {
          "facingStar": 9,
          "mountainStar": 9,
          "palace": 1,
          "periodStar": 9,
        },
        {
          "facingStar": 9,
          "mountainStar": 9,
          "palace": 2,
          "periodStar": 9,
        },
        {
          "facingStar": 9,
          "mountainStar": 9,
          "palace": 3,
          "periodStar": 9,
        },
        {
          "facingStar": 9,
          "mountainStar": 9,
          "palace": 4,
          "periodStar": 9,
        },
        {
          "facingStar": 9,
          "mountainStar": 9,
          "palace": 5,
          "periodStar": 9,
        },
        {
          "facingStar": 9,
          "mountainStar": 9,
          "palace": 6,
          "periodStar": 9,
        },
        {
          "facingStar": 9,
          "mountainStar": 9,
          "palace": 7,
          "periodStar": 9,
        },
        {
          "facingStar": 9,
          "mountainStar": 9,
          "palace": 8,
          "periodStar": 9,
        },
        {
          "facingStar": 9,
          "mountainStar": 9,
          "palace": 9,
          "periodStar": 9,
        },
      ],
      "month": [
        {
          "facingStar": 9,
          "mountainStar": 9,
          "palace": 1,
          "periodStar": 9,
        },
        {
          "facingStar": 9,
          "mountainStar": 9,
          "palace": 2,
          "periodStar": 9,
        },
        {
          "facingStar": 9,
          "mountainStar": 9,
          "palace": 3,
          "periodStar": 9,
        },
        {
          "facingStar": 9,
          "mountainStar": 9,
          "palace": 4,
          "periodStar": 9,
        },
        {
          "facingStar": 9,
          "mountainStar": 9,
          "palace": 5,
          "periodStar": 9,
        },
        {
          "facingStar": 9,
          "mountainStar": 9,
          "palace": 6,
          "periodStar": 9,
        },
        {
          "facingStar": 9,
          "mountainStar": 9,
          "palace": 7,
          "periodStar": 9,
        },
        {
          "facingStar": 9,
          "mountainStar": 9,
          "palace": 8,
          "periodStar": 9,
        },
        {
          "facingStar": 9,
          "mountainStar": 9,
          "palace": 9,
          "periodStar": 9,
        },
      ],
      "period": [
        {
          "facingStar": 9,
          "mountainStar": 9,
          "palace": 1,
          "periodStar": 9,
        },
        {
          "facingStar": 9,
          "mountainStar": 9,
          "palace": 2,
          "periodStar": 9,
        },
        {
          "facingStar": 9,
          "mountainStar": 9,
          "palace": 3,
          "periodStar": 9,
        },
        {
          "facingStar": 9,
          "mountainStar": 9,
          "palace": 4,
          "periodStar": 9,
        },
        {
          "facingStar": 9,
          "mountainStar": 9,
          "palace": 5,
          "periodStar": 9,
        },
        {
          "facingStar": 9,
          "mountainStar": 9,
          "palace": 6,
          "periodStar": 9,
        },
        {
          "facingStar": 9,
          "mountainStar": 9,
          "palace": 7,
          "periodStar": 9,
        },
        {
          "facingStar": 9,
          "mountainStar": 9,
          "palace": 8,
          "periodStar": 9,
        },
        {
          "facingStar": 9,
          "mountainStar": 9,
          "palace": 9,
          "periodStar": 9,
        },
      ],
      "year": [
        {
          "facingStar": 9,
          "mountainStar": 9,
          "palace": 1,
          "periodStar": 9,
        },
        {
          "facingStar": 9,
          "mountainStar": 9,
          "palace": 2,
          "periodStar": 9,
        },
        {
          "facingStar": 9,
          "mountainStar": 9,
          "palace": 3,
          "periodStar": 9,
        },
        {
          "facingStar": 9,
          "mountainStar": 9,
          "palace": 4,
          "periodStar": 9,
        },
        {
          "facingStar": 9,
          "mountainStar": 9,
          "palace": 5,
          "periodStar": 9,
        },
        {
          "facingStar": 9,
          "mountainStar": 9,
          "palace": 6,
          "periodStar": 9,
        },
        {
          "facingStar": 9,
          "mountainStar": 9,
          "palace": 7,
          "periodStar": 9,
        },
        {
          "facingStar": 9,
          "mountainStar": 9,
          "palace": 8,
          "periodStar": 9,
        },
        {
          "facingStar": 9,
          "mountainStar": 9,
          "palace": 9,
          "periodStar": 9,
        },
      ],
    },
    "wenchangwei": "巽",
  },
}
`;

exports[`authoritative snapshots (MVP scaffolding) {\\n  name: 'Shanghai boundary -0.4°',\\n  date: '2025-03-10T10:00:00Z',\\n  deg: 52.6\\n} 1`] = `
{
  "name": "Shanghai boundary -0.4°",
  "sorted": {
    "caiwei": "坎宫：相对强度较弱；坤宫：相对强度较弱；震宫：相对强度较弱；巽宫：相对强度较弱；中宫：相对强度较弱；乾宫：相对强度较弱；兑宫：相对强度较弱；艮宫：相对强度较弱；离宫：相对强度较弱",
    "evaluation": {
      "1": {
        "reasons": [
          "天盘九紫右弼星得令，主名声、中女、文化",
          "山星九紫右弼星得令，主名声、中女、文化",
          "向星九紫右弼星得令，主名声、中女、文化",
          "山向两星相同，主稳定",
          "此宫位整体评价为大吉",
        ],
        "score": 7.5,
        "tags": [
          "旺星",
          "山星旺",
          "向星旺",
          "山向同星",
          "大吉",
        ],
      },
      "2": {
        "reasons": [
          "天盘九紫右弼星得令，主名声、中女、文化",
          "山星九紫右弼星得令，主名声、中女、文化",
          "向星九紫右弼星得令，主名声、中女、文化",
          "山向两星相同，主稳定",
          "此宫位整体评价为大吉",
        ],
        "score": 7.5,
        "tags": [
          "旺星",
          "山星旺",
          "向星旺",
          "山向同星",
          "大吉",
        ],
      },
      "3": {
        "reasons": [
          "天盘九紫右弼星得令，主名声、中女、文化",
          "山星九紫右弼星得令，主名声、中女、文化",
          "向星九紫右弼星得令，主名声、中女、文化",
          "山向两星相同，主稳定",
          "此宫位整体评价为大吉",
        ],
        "score": 7.5,
        "tags": [
          "旺星",
          "山星旺",
          "向星旺",
          "山向同星",
          "大吉",
        ],
      },
      "4": {
        "reasons": [
          "天盘九紫右弼星得令，主名声、中女、文化",
          "山星九紫右弼星得令，主名声、中女、文化",
          "向星九紫右弼星得令，主名声、中女、文化",
          "山向两星相同，主稳定",
          "此宫位整体评价为大吉",
        ],
        "score": 7.5,
        "tags": [
          "旺星",
          "山星旺",
          "向星旺",
          "山向同星",
          "大吉",
        ],
      },
      "5": {
        "reasons": [
          "天盘九紫右弼星得令，主名声、中女、文化",
          "山星九紫右弼星得令，主名声、中女、文化",
          "向星九紫右弼星得令，主名声、中女、文化",
          "山向两星相同，主稳定",
          "此宫位整体评价为大吉",
        ],
        "score": 7.5,
        "tags": [
          "旺星",
          "山星旺",
          "向星旺",
          "山向同星",
          "大吉",
        ],
      },
      "6": {
        "reasons": [
          "天盘九紫右弼星得令，主名声、中女、文化",
          "山星九紫右弼星得令，主名声、中女、文化",
          "向星九紫右弼星得令，主名声、中女、文化",
          "山向两星相同，主稳定",
          "此宫位整体评价为大吉",
        ],
        "score": 7.5,
        "tags": [
          "旺星",
          "山星旺",
          "向星旺",
          "山向同星",
          "大吉",
        ],
      },
      "7": {
        "reasons": [
          "天盘九紫右弼星得令，主名声、中女、文化",
          "山星九紫右弼星得令，主名声、中女、文化",
          "向星九紫右弼星得令，主名声、中女、文化",
          "山向两星相同，主稳定",
          "此宫位整体评价为大吉",
        ],
        "score": 7.5,
        "tags": [
          "旺星",
          "山星旺",
          "向星旺",
          "山向同星",
          "大吉",
        ],
      },
      "8": {
        "reasons": [
          "天盘九紫右弼星得令，主名声、中女、文化",
          "山星九紫右弼星得令，主名声、中女、文化",
          "向星九紫右弼星得令，主名声、中女、文化",
          "山向两星相同，主稳定",
          "此宫位整体评价为大吉",
        ],
        "score": 7.5,
        "tags": [
          "旺星",
          "山星旺",
          "向星旺",
          "山向同星",
          "大吉",
        ],
      },
      "9": {
        "reasons": [
          "天盘九紫右弼星得令，主名声、中女、文化",
          "山星九紫右弼星得令，主名声、中女、文化",
          "向星九紫右弼星得令，主名声、中女、文化",
          "山向两星相同，主稳定",
          "此宫位整体评价为大吉",
        ],
        "score": 7.5,
        "tags": [
          "旺星",
          "山星旺",
          "向星旺",
          "山向同星",
          "大吉",
        ],
      },
    },
    "geju": {
      "descriptions": [
        "旺山旺水格局",
        "上山下水格局",
        "双星会向格局",
        "双星会坐格局",
        "伏吟格局：坎宫山星伏吟、坎宫向星伏吟、坤宫山星伏吟、坤宫向星伏吟、震宫山星伏吟、震宫向星伏吟、巽宫山星伏吟、巽宫向星伏吟、中宫山星伏吟、中宫向星伏吟、乾宫山星伏吟、乾宫向星伏吟、兑宫山星伏吟、兑宫向星伏吟、艮宫山星伏吟、艮宫向星伏吟、离宫山星伏吟、离宫向星伏吟",
      ],
      "isFavorable": false,
      "types": [
        "旺山旺水",
        "上山下水",
        "双星会向",
        "双星会坐",
        "单宫伏吟",
      ],
    },
    "meta": {
      "ambiguous": false,
      "rulesApplied": [
        "兼向",
      ],
    },
    "period": 9,
    "plates": {
      "day": [
        {
          "facingStar": 9,
          "mountainStar": 9,
          "palace": 1,
          "periodStar": 9,
        },
        {
          "facingStar": 9,
          "mountainStar": 9,
          "palace": 2,
          "periodStar": 9,
        },
        {
          "facingStar": 9,
          "mountainStar": 9,
          "palace": 3,
          "periodStar": 9,
        },
        {
          "facingStar": 9,
          "mountainStar": 9,
          "palace": 4,
          "periodStar": 9,
        },
        {
          "facingStar": 9,
          "mountainStar": 9,
          "palace": 5,
          "periodStar": 9,
        },
        {
          "facingStar": 9,
          "mountainStar": 9,
          "palace": 6,
          "periodStar": 9,
        },
        {
          "facingStar": 9,
          "mountainStar": 9,
          "palace": 7,
          "periodStar": 9,
        },
        {
          "facingStar": 9,
          "mountainStar": 9,
          "palace": 8,
          "periodStar": 9,
        },
        {
          "facingStar": 9,
          "mountainStar": 9,
          "palace": 9,
          "periodStar": 9,
        },
      ],
      "month": [
        {
          "facingStar": 9,
          "mountainStar": 9,
          "palace": 1,
          "periodStar": 9,
        },
        {
          "facingStar": 9,
          "mountainStar": 9,
          "palace": 2,
          "periodStar": 9,
        },
        {
          "facingStar": 9,
          "mountainStar": 9,
          "palace": 3,
          "periodStar": 9,
        },
        {
          "facingStar": 9,
          "mountainStar": 9,
          "palace": 4,
          "periodStar": 9,
        },
        {
          "facingStar": 9,
          "mountainStar": 9,
          "palace": 5,
          "periodStar": 9,
        },
        {
          "facingStar": 9,
          "mountainStar": 9,
          "palace": 6,
          "periodStar": 9,
        },
        {
          "facingStar": 9,
          "mountainStar": 9,
          "palace": 7,
          "periodStar": 9,
        },
        {
          "facingStar": 9,
          "mountainStar": 9,
          "palace": 8,
          "periodStar": 9,
        },
        {
          "facingStar": 9,
          "mountainStar": 9,
          "palace": 9,
          "periodStar": 9,
        },
      ],
      "period": [
        {
          "facingStar": 9,
          "mountainStar": 9,
          "palace": 1,
          "periodStar": 9,
        },
        {
          "facingStar": 9,
          "mountainStar": 9,
          "palace": 2,
          "periodStar": 9,
        },
        {
          "facingStar": 9,
          "mountainStar": 9,
          "palace": 3,
          "periodStar": 9,
        },
        {
          "facingStar": 9,
          "mountainStar": 9,
          "palace": 4,
          "periodStar": 9,
        },
        {
          "facingStar": 9,
          "mountainStar": 9,
          "palace": 5,
          "periodStar": 9,
        },
        {
          "facingStar": 9,
          "mountainStar": 9,
          "palace": 6,
          "periodStar": 9,
        },
        {
          "facingStar": 9,
          "mountainStar": 9,
          "palace": 7,
          "periodStar": 9,
        },
        {
          "facingStar": 9,
          "mountainStar": 9,
          "palace": 8,
          "periodStar": 9,
        },
        {
          "facingStar": 9,
          "mountainStar": 9,
          "palace": 9,
          "periodStar": 9,
        },
      ],
      "year": [
        {
          "facingStar": 9,
          "mountainStar": 9,
          "palace": 1,
          "periodStar": 9,
        },
        {
          "facingStar": 9,
          "mountainStar": 9,
          "palace": 2,
          "periodStar": 9,
        },
        {
          "facingStar": 9,
          "mountainStar": 9,
          "palace": 3,
          "periodStar": 9,
        },
        {
          "facingStar": 9,
          "mountainStar": 9,
          "palace": 4,
          "periodStar": 9,
        },
        {
          "facingStar": 9,
          "mountainStar": 9,
          "palace": 5,
          "periodStar": 9,
        },
        {
          "facingStar": 9,
          "mountainStar": 9,
          "palace": 6,
          "periodStar": 9,
        },
        {
          "facingStar": 9,
          "mountainStar": 9,
          "palace": 7,
          "periodStar": 9,
        },
        {
          "facingStar": 9,
          "mountainStar": 9,
          "palace": 8,
          "periodStar": 9,
        },
        {
          "facingStar": 9,
          "mountainStar": 9,
          "palace": 9,
          "periodStar": 9,
        },
      ],
    },
    "wenchangwei": "巽",
  },
}
`;
